     1                                  global _start
     2                                  
     3                                  section .data
     4 00000000 3132330A00                  a db '1', '2', '3', 0xA, 0
     5                                      la equ $ - a
     6                                  
     7                                  section .bss
     8                                  
     9                                  section .text
    10                                  
    11                                  _start:
    12 00000000 B804000000                  mov eax, 4
    13 00000005 BB01000000                  mov ebx, 1
    14 0000000A B9[00000000]                mov ecx, a
    15 0000000F BA05000000                  mov edx, la
    16 00000014 CD80                        int 0x80
    17                                  
    18 00000016 A0[02000000]                mov al, [a + 2]
    19 0000001B 8605[00000000]              xchg al, [a]
    20 00000021 A2[02000000]                mov [a + 2], al
    21 00000026 A0[01000000]                mov al, [a + 1]
    22 0000002B 8605[00000000]              xchg al, [a]
    23 00000031 A2[01000000]                mov [a + 1], al
    24                                  
    25 00000036 B804000000                  mov eax, 4
    26 0000003B BB01000000                  mov ebx, 1
    27 00000040 B9[00000000]                mov ecx, a
    28 00000045 BA05000000                  mov edx, la
    29 0000004A CD80                        int 0x80
    30 0000004C B801000000                  mov eax, 1
    31 00000051 BB00000000                  mov ebx, 0
    32 00000056 CD80                        int 0x80
